// Jest Snapshot v1, https://goo.gl/fbAQLP

exports[`renders correctly 1`] = `
ShallowWrapper {
  "length": 1,
  Symbol(enzyme.__root__): [Circular],
  Symbol(enzyme.__unrendered__): <App />,
  Symbol(enzyme.__renderer__): Object {
    "batchedUpdates": [Function],
    "getNode": [Function],
    "render": [Function],
    "simulateEvent": [Function],
    "unmount": [Function],
  },
  Symbol(enzyme.__node__): Object {
    "instance": null,
    "key": undefined,
    "nodeType": "host",
    "props": Object {
      "children": Array [
        <h2>
          Gift Giver
</h2>,
        <div
          className="gift-list"
>
          
</div>,
        <Button
          className="btn-add"
          node="button"
          onClick={[Function]}
>
          Add Gift
</Button>,
      ],
    },
    "ref": null,
    "rendered": Array [
      Object {
        "instance": null,
        "key": undefined,
        "nodeType": "host",
        "props": Object {
          "children": "Gift Giver",
        },
        "ref": null,
        "rendered": "Gift Giver",
        "type": "h2",
      },
      Object {
        "instance": null,
        "key": undefined,
        "nodeType": "host",
        "props": Object {
          "children": Array [],
          "className": "gift-list",
        },
        "ref": null,
        "rendered": Array [],
        "type": "div",
      },
      Object {
        "instance": null,
        "key": undefined,
        "nodeType": "class",
        "props": Object {
          "children": "Add Gift",
          "className": "btn-add",
          "node": "button",
          "onClick": [Function],
        },
        "ref": null,
        "rendered": "Add Gift",
        "type": [Function],
      },
    ],
    "type": "div",
  },
  Symbol(enzyme.__nodes__): Array [
    Object {
      "instance": null,
      "key": undefined,
      "nodeType": "host",
      "props": Object {
        "children": Array [
          <h2>
            Gift Giver
</h2>,
          <div
            className="gift-list"
>
            
</div>,
          <Button
            className="btn-add"
            node="button"
            onClick={[Function]}
>
            Add Gift
</Button>,
        ],
      },
      "ref": null,
      "rendered": Array [
        Object {
          "instance": null,
          "key": undefined,
          "nodeType": "host",
          "props": Object {
            "children": "Gift Giver",
          },
          "ref": null,
          "rendered": "Gift Giver",
          "type": "h2",
        },
        Object {
          "instance": null,
          "key": undefined,
          "nodeType": "host",
          "props": Object {
            "children": Array [],
            "className": "gift-list",
          },
          "ref": null,
          "rendered": Array [],
          "type": "div",
        },
        Object {
          "instance": null,
          "key": undefined,
          "nodeType": "class",
          "props": Object {
            "children": "Add Gift",
            "className": "btn-add",
            "node": "button",
            "onClick": [Function],
          },
          "ref": null,
          "rendered": "Add Gift",
          "type": [Function],
        },
      ],
      "type": "div",
    },
  ],
  Symbol(enzyme.__options__): Object {
    "adapter": ReactSixteenAdapter {
      "options": Object {
        "enableComponentDidUpdateOnSetState": true,
      },
    },
    "disableLifecycleMethods": true,
  },
}
`;
