// Jest Snapshot v1, https://goo.gl/fbAQLP

exports[`Gift Component renders correctly 1`] = `
ShallowWrapper {
  "length": 1,
  Symbol(enzyme.__root__): [Circular],
  Symbol(enzyme.__unrendered__): <Gift
    gift={
        Object {
            "id": 1,
          }
    }
    removeGift={[Function]}
/>,
  Symbol(enzyme.__renderer__): Object {
    "batchedUpdates": [Function],
    "getNode": [Function],
    "render": [Function],
    "simulateEvent": [Function],
    "unmount": [Function],
  },
  Symbol(enzyme.__node__): Object {
    "instance": null,
    "key": undefined,
    "nodeType": "function",
    "props": Object {
      "children": Array [
        <Input
          checked={false}
          className="input-person"
          label="person"
          onChange={[Function]}
          s={6}
          type="text"
>
          <Icon>
                    account_circle
          </Icon>
</Input>,
        <Input
          checked={false}
          className="input-present"
          label="present"
          onChange={[Function]}
          s={6}
          type="text"
>
          <Icon>
                    card_giftcard
          </Icon>
</Input>,
        <Button
          className="btn-remove"
          node="button"
          onClick={[Function]}
>
          Remove Gift 
          1
</Button>,
      ],
    },
    "ref": null,
    "rendered": Array [
      Object {
        "instance": null,
        "key": undefined,
        "nodeType": "class",
        "props": Object {
          "checked": false,
          "children": <Icon>
            account_circle
</Icon>,
          "className": "input-person",
          "label": "person",
          "onChange": [Function],
          "s": 6,
          "type": "text",
        },
        "ref": null,
        "rendered": Object {
          "instance": null,
          "key": undefined,
          "nodeType": "function",
          "props": Object {
            "children": "account_circle",
          },
          "ref": null,
          "rendered": "account_circle",
          "type": [Function],
        },
        "type": [Function],
      },
      Object {
        "instance": null,
        "key": undefined,
        "nodeType": "class",
        "props": Object {
          "checked": false,
          "children": <Icon>
            card_giftcard
</Icon>,
          "className": "input-present",
          "label": "present",
          "onChange": [Function],
          "s": 6,
          "type": "text",
        },
        "ref": null,
        "rendered": Object {
          "instance": null,
          "key": undefined,
          "nodeType": "function",
          "props": Object {
            "children": "card_giftcard",
          },
          "ref": null,
          "rendered": "card_giftcard",
          "type": [Function],
        },
        "type": [Function],
      },
      Object {
        "instance": null,
        "key": undefined,
        "nodeType": "class",
        "props": Object {
          "children": Array [
            "Remove Gift ",
            1,
          ],
          "className": "btn-remove",
          "node": "button",
          "onClick": [Function],
        },
        "ref": null,
        "rendered": Array [
          "Remove Gift ",
          1,
        ],
        "type": [Function],
      },
    ],
    "type": [Function],
  },
  Symbol(enzyme.__nodes__): Array [
    Object {
      "instance": null,
      "key": undefined,
      "nodeType": "function",
      "props": Object {
        "children": Array [
          <Input
            checked={false}
            className="input-person"
            label="person"
            onChange={[Function]}
            s={6}
            type="text"
>
            <Icon>
                        account_circle
            </Icon>
</Input>,
          <Input
            checked={false}
            className="input-present"
            label="present"
            onChange={[Function]}
            s={6}
            type="text"
>
            <Icon>
                        card_giftcard
            </Icon>
</Input>,
          <Button
            className="btn-remove"
            node="button"
            onClick={[Function]}
>
            Remove Gift 
            1
</Button>,
        ],
      },
      "ref": null,
      "rendered": Array [
        Object {
          "instance": null,
          "key": undefined,
          "nodeType": "class",
          "props": Object {
            "checked": false,
            "children": <Icon>
              account_circle
</Icon>,
            "className": "input-person",
            "label": "person",
            "onChange": [Function],
            "s": 6,
            "type": "text",
          },
          "ref": null,
          "rendered": Object {
            "instance": null,
            "key": undefined,
            "nodeType": "function",
            "props": Object {
              "children": "account_circle",
            },
            "ref": null,
            "rendered": "account_circle",
            "type": [Function],
          },
          "type": [Function],
        },
        Object {
          "instance": null,
          "key": undefined,
          "nodeType": "class",
          "props": Object {
            "checked": false,
            "children": <Icon>
              card_giftcard
</Icon>,
            "className": "input-present",
            "label": "present",
            "onChange": [Function],
            "s": 6,
            "type": "text",
          },
          "ref": null,
          "rendered": Object {
            "instance": null,
            "key": undefined,
            "nodeType": "function",
            "props": Object {
              "children": "card_giftcard",
            },
            "ref": null,
            "rendered": "card_giftcard",
            "type": [Function],
          },
          "type": [Function],
        },
        Object {
          "instance": null,
          "key": undefined,
          "nodeType": "class",
          "props": Object {
            "children": Array [
              "Remove Gift ",
              1,
            ],
            "className": "btn-remove",
            "node": "button",
            "onClick": [Function],
          },
          "ref": null,
          "rendered": Array [
            "Remove Gift ",
            1,
          ],
          "type": [Function],
        },
      ],
      "type": [Function],
    },
  ],
  Symbol(enzyme.__options__): Object {
    "adapter": ReactSixteenAdapter {
      "options": Object {
        "enableComponentDidUpdateOnSetState": true,
      },
    },
    "disableLifecycleMethods": true,
  },
}
`;
